Microchip MPLAB XC8 Compiler V2.05 ()

Linker command line:

-W-3 --edf=C:\Program Files (x86)\Microchip\xc8\v2.05\pic\dat\en_msgs.txt \
  -cs -h+dist/default/production\fillsensing_sw.X.production.sym \
  --cmf=dist/default/production\fillsensing_sw.X.production.cmf -z \
  -Q18F26K83 -oC:\Users\disco\AppData\Local\Temp\sn1c.2 \
  --defsym=__MPLAB_BUILD=1 \
  -Mdist/default/production/fillsensing_sw.X.production.map -E1 -ver=XC8 \
  --acfsm=1493 -ASTACK=060h-0FFFh -pstack=STACK -ACODE=00h-0FFFFh \
  -ACONST=00h-0FFFFh -ASMALLCONST=01000h-010FFhx240 \
  -AMEDIUMCONST=01000h-0FFFFh -ACOMRAM=01h-05Fh -AABS1=00h-0FFFh \
  -ABIGRAM=01h-0FFFh -ARAM=060h-0FFh,0100h-01FFhx15 -ABANK0=060h-0FFh \
  -ABANK1=0100h-01FFh -ABANK2=0200h-02FFh -ABANK3=0300h-03FFh \
  -ABANK4=0400h-04FFh -ABANK5=0500h-05FFh -ABANK6=0600h-06FFh \
  -ABANK7=0700h-07FFh -ABANK8=0800h-08FFh -ABANK9=0900h-09FFh \
  -ABANK10=0A00h-0AFFh -ABANK11=0B00h-0BFFh -ABANK12=0C00h-0CFFh \
  -ABANK13=0D00h-0DFFh -ABANK14=0E00h-0EFFh -ABANK15=0F00h-0FFFh \
  -ASFR=03700h-037FFhx8,03F00h-03F5Fh,03F60h-03FFFh -preset_vec=00h \
  -ppowerup=CODE,init -pramtop=01000h -psmallconst=SMALLCONST \
  -pmediumconst=MEDIUMCONST -pconst=CONST -AFARRAM=00h-00h \
  -ACONFIG=0300000h-0300009h -pconfig=CONFIG -AIDLOC=0200000h-020000Fh \
  -pidloc=IDLOC -AEEDATA=0310000h-03103FFh -peeprom_data=EEDATA \
  -prdata=COMRAM,nvrram=COMRAM,nvbit=COMRAM,rbss=COMRAM,rbit=COMRAM \
  -pfarbss=FARRAM,fardata=FARRAM,nvFARRAM=FARRAM \
  -pintsave_regs=BIGRAM,bigbss=BIGRAM,bigdata=BIGRAM -pbss=RAM \
  -pidata=CODE,irdata=CODE,ibigdata=CODE,ifardata=CODE -prparam=COMRAM \
  C:\Users\disco\AppData\Local\Temp\sn1c.o \
  dist/default/production\fillsensing_sw.X.production.o 

Object code version is 3.11

Machine type is 18F26K83

Call graph: (short form)




                Name                               Link     Load   Length Selector   Space Scale
C:\Users\disco\AppData\Local\Temp\sn1c.o
                init                               FFFC     FFFC        4     7FFE       0
                reset_vec                             0        0        4        0       0
                idloc                            200000   200000       10   200000       0
                config                           300000   300000        A   300000       0
dist/default/production\fillsensing_sw.X.production.o
                text0                              FFA8     FFA8       54     7FD4       0
                cstackCOMRAM                          1        1        7        1       1
                cinit                              FFA2     FFA2        6     7FD1       0

TOTAL           Name                               Link     Load   Length     Space
        CLASS   STACK          

        CLASS   CODE           
                init                               FFFC     FFFC        4         0
                reset_vec                             0        0        4         0
                text0                              FFA8     FFA8       54         0
                cinit                              FFA2     FFA2        6         0

        CLASS   CONST          

        CLASS   SMALLCONST     

        CLASS   MEDIUMCONST    

        CLASS   COMRAM         
                cstackCOMRAM                          1        1        7         1

        CLASS   ABS1           

        CLASS   BIGRAM         

        CLASS   RAM            

        CLASS   BANK0          

        CLASS   BANK1          

        CLASS   BANK2          

        CLASS   BANK3          

        CLASS   BANK4          

        CLASS   BANK5          

        CLASS   BANK6          

        CLASS   BANK7          

        CLASS   BANK8          

        CLASS   BANK9          

        CLASS   BANK10         

        CLASS   BANK11         

        CLASS   BANK12         

        CLASS   BANK13         

        CLASS   BANK14         

        CLASS   BANK15         

        CLASS   SFR            

        CLASS   FARRAM         

        CLASS   CONFIG         
                config                           300000   300000        A         0

        CLASS   IDLOC          
                idloc                            200000   200000       10         0

        CLASS   EEDATA         



SEGMENTS        Name                           Load    Length   Top    Selector   Space  Class

                reset_vec                      000000  000004  000004         0       0  CODE    
                cstackCOMRAM                   000001  000007  000008         1       1  COMRAM  
                cinit                          00FFA2  000006  00FFA8      7FD1       0  CODE    
                text0                          00FFA8  000054  00FFFC      7FD4       0  CODE    
                init                           00FFFC  000004  010000      7FFE       0  CODE    
                idloc                          200000  000010  200010    200000       0  IDLOC   
                config                         300000  00000A  30000A    300000       0  CONFIG  


UNUSED ADDRESS RANGES

        Name                Unused          Largest block    Delta
        BANK0            000060-0000FF               A0
        BANK1            000100-0001FF              100
        BANK10           000A00-000AFF              100
        BANK11           000B00-000BFF              100
        BANK12           000C00-000CFF              100
        BANK13           000D00-000DFF              100
        BANK14           000E00-000EFF              100
        BANK15           000F00-000FFF              100
        BANK2            000200-0002FF              100
        BANK3            000300-0003FF              100
        BANK4            000400-0004FF              100
        BANK5            000500-0005FF              100
        BANK6            000600-0006FF              100
        BANK7            000700-0007FF              100
        BANK8            000800-0008FF              100
        BANK9            000900-0009FF              100
        BIGRAM           000008-000FFF              FF8
        CODE             000004-00FFA1             FF9E
        COMRAM           000008-00005F               58
        CONST            000004-00FFA1             FF9E
        EEDATA           310000-3103FF              400
        MEDIUMCONST      001000-00FFA1             EFA2
        RAM              000060-000FFF              100
        SFR              003700-003FFF              100
        SMALLCONST       001000-00FFA1              100
        STACK            000060-000FFF              FA0

                                  Symbol Table

_ANSELA                    (abs)        003A40
_ANSELB                    (abs)        003A50
_ANSELC                    (abs)        003A60
_INLVLA                    (abs)        003A44
_INLVLB                    (abs)        003A54
_INLVLC                    (abs)        003A64
_INLVLE                    (abs)        003A84
_LATA                      (abs)        003FBA
_LATA3                     (abs)        01FDD3
_LATA4                     (abs)        01FDD4
_LATA5                     (abs)        01FDD5
_LATB                      (abs)        003FBB
_LATC                      (abs)        003FBC
_ODCONA                    (abs)        003A42
_ODCONB                    (abs)        003A52
_ODCONC                    (abs)        003A62
_OSCCON1                   (abs)        0039D9
_OSCCON3                   (abs)        0039DB
_OSCEN                     (abs)        0039DD
_OSCFRQ                    (abs)        0039DF
_OSCTUNE                   (abs)        0039DE
_PMD0                      (abs)        0039C0
_PMD1                      (abs)        0039C1
_PMD2                      (abs)        0039C2
_PMD3                      (abs)        0039C3
_PMD4                      (abs)        0039C4
_PMD5                      (abs)        0039C5
_PMD6                      (abs)        0039C6
_PMD7                      (abs)        0039C7
_SLRCONA                   (abs)        003A43
_SLRCONB                   (abs)        003A53
_SLRCONC                   (abs)        003A63
_TRISA                     (abs)        003FC2
_TRISB                     (abs)        003FC3
_TRISC                     (abs)        003FC4
_WPUA                      (abs)        003A41
_WPUB                      (abs)        003A51
_WPUC                      (abs)        003A61
_WPUE                      (abs)        003A81
__CFG_BBEN$OFF             (abs)        000000
__CFG_BBSIZE$BBSIZE_512    (abs)        000000
__CFG_BOREN$SBORDIS        (abs)        000000
__CFG_BORV$VBOR_2P45       (abs)        000000
__CFG_CLKOUTEN$OFF         (abs)        000000
__CFG_CP$OFF               (abs)        000000
__CFG_CSWEN$ON             (abs)        000000
__CFG_DEBUG$OFF            (abs)        000000
__CFG_FCMEN$ON             (abs)        000000
__CFG_FEXTOSC$OFF          (abs)        000000
__CFG_IVT1WAY$ON           (abs)        000000
__CFG_LPBOREN$OFF          (abs)        000000
__CFG_LVP$ON               (abs)        000000
__CFG_MCLRE$EXTMCLR        (abs)        000000
__CFG_MVECEN$OFF           (abs)        000000
__CFG_PPS1WAY$ON           (abs)        000000
__CFG_PR1WAY$ON            (abs)        000000
__CFG_PWRTS$PWRT_OFF       (abs)        000000
__CFG_RSTOSC$HFINTOSC_1MHZ (abs)        000000
__CFG_SAFEN$OFF            (abs)        000000
__CFG_STVREN$ON            (abs)        000000
__CFG_WDTCCS$SC            (abs)        000000
__CFG_WDTCPS$WDTCPS_31     (abs)        000000
__CFG_WDTCWS$WDTCWS_7      (abs)        000000
__CFG_WDTE$OFF             (abs)        000000
__CFG_WRTAPP$OFF           (abs)        000000
__CFG_WRTB$OFF             (abs)        000000
__CFG_WRTC$OFF             (abs)        000000
__CFG_WRTD$OFF             (abs)        000000
__CFG_WRTSAF$OFF           (abs)        000000
__CFG_XINST$OFF            (abs)        000000
__CFG_ZCD$OFF              (abs)        000000
__HRAM                     (abs)        000000
__Habs1                    abs1         000000
__Hbank0                   bank0        000000
__Hbank1                   bank1        000000
__Hbank10                  bank10       000000
__Hbank11                  bank11       000000
__Hbank12                  bank12       000000
__Hbank13                  bank13       000000
__Hbank14                  bank14       000000
__Hbank15                  bank15       000000
__Hbank2                   bank2        000000
__Hbank3                   bank3        000000
__Hbank4                   bank4        000000
__Hbank5                   bank5        000000
__Hbank6                   bank6        000000
__Hbank7                   bank7        000000
__Hbank8                   bank8        000000
__Hbank9                   bank9        000000
__Hbigbss                  bigbss       000000
__Hbigdata                 bigdata      000000
__Hbigram                  bigram       000000
__Hbss                     bss          000000
__Hcinit                   cinit        000000
__Hclrtext                 clrtext      000000
__Hcomram                  comram       000000
__Hconfig                  config       30000A
__Hconst                   const        000000
__HcstackCOMRAM            cstackCOMRAM 000000
__Hdata                    data         000000
__Heeprom_data             eeprom_data  000000
__Hfarbss                  farbss       000000
__Hfardata                 fardata      000000
__Hibigdata                ibigdata     000000
__Hidata                   idata        000000
__Hidloc                   idloc        200010
__Hifardata                ifardata     000000
__Hinit                    init         010000
__Hintsave_regs            intsave_regs 000000
__Hirdata                  irdata       000000
__Hmediumconst             mediumconst  000000
__HnvFARRAM                nvFARRAM     000000
__Hnvbit                   nvbit        000000
__Hnvrram                  nvrram       000000
__Hparam                   rparam       000000
__Hpowerup                 powerup      000000
__Hram                     ram          000000
__Hramtop                  ramtop       001000
__Hrbit                    rbit         000000
__Hrbss                    rbss         000000
__Hrdata                   rdata        000000
__Hreset_vec               reset_vec    000004
__Hrparam                  rparam       000000
__Hsfr                     sfr          000000
__Hsmallconst              smallconst   000000
__Hspace_0                 (abs)        30000A
__Hspace_1                 (abs)        000008
__Hspace_2                 (abs)        000000
__Hstack                   stack        000000
__Hstruct                  struct       000000
__Htemp                    temp         000000
__Htext                    text         000000
__Htext0                   text0        000000
__LRAM                     (abs)        000001
__Labs1                    abs1         000000
__Lbank0                   bank0        000000
__Lbank1                   bank1        000000
__Lbank10                  bank10       000000
__Lbank11                  bank11       000000
__Lbank12                  bank12       000000
__Lbank13                  bank13       000000
__Lbank14                  bank14       000000
__Lbank15                  bank15       000000
__Lbank2                   bank2        000000
__Lbank3                   bank3        000000
__Lbank4                   bank4        000000
__Lbank5                   bank5        000000
__Lbank6                   bank6        000000
__Lbank7                   bank7        000000
__Lbank8                   bank8        000000
__Lbank9                   bank9        000000
__Lbigbss                  bigbss       000000
__Lbigdata                 bigdata      000000
__Lbigram                  bigram       000000
__Lbss                     bss          000000
__Lcinit                   cinit        000000
__Lclrtext                 clrtext      000000
__Lcomram                  comram       000000
__Lconfig                  config       300000
__Lconst                   const        000000
__LcstackCOMRAM            cstackCOMRAM 000000
__Ldata                    data         000000
__Leeprom_data             eeprom_data  000000
__Lfarbss                  farbss       000000
__Lfardata                 fardata      000000
__Libigdata                ibigdata     000000
__Lidata                   idata        000000
__Lidloc                   idloc        200000
__Lifardata                ifardata     000000
__Linit                    init         00FFFC
__Lintsave_regs            intsave_regs 000000
__Lirdata                  irdata       000000
__Lmediumconst             mediumconst  000000
__LnvFARRAM                nvFARRAM     000000
__Lnvbit                   nvbit        000000
__Lnvrram                  nvrram       000000
__Lparam                   rparam       000000
__Lpowerup                 powerup      000000
__Lram                     ram          000000
__Lramtop                  ramtop       001000
__Lrbit                    rbit         000000
__Lrbss                    rbss         000000
__Lrdata                   rdata        000000
__Lreset_vec               reset_vec    000000
__Lrparam                  rparam       000000
__Lsfr                     sfr          000000
__Lsmallconst              smallconst   000000
__Lspace_0                 (abs)        000000
__Lspace_1                 (abs)        000000
__Lspace_2                 (abs)        000000
__Lstack                   stack        000000
__Lstruct                  struct       000000
__Ltemp                    temp         000000
__Ltext                    text         000000
__Ltext0                   text0        000000
__S0                       (abs)        30000A
__S1                       (abs)        000008
__S2                       (abs)        000000
___inthi_sp                stack        000000
___intlo_sp                stack        000000
___param_bank              (abs)        000000
___rparam_used             (abs)        000001
___sp                      stack        000000
__accesstop                (abs)        000060
__activetblptr             (abs)        000000
__end_of__initialization   cinit        00FFA2
__end_of_main              text0        00FFFC
__initialization           cinit        00FFA2
__mediumconst              mediumconst  000000
__pcinit                   cinit        00FFA2
__pcstackCOMRAM            cstackCOMRAM 000001
__ptext0                   text0        00FFA8
__ramtop                   ramtop       001000
__size_of_main             (abs)        000000
__smallconst               smallconst   000000
_main                      text0        00FFA8
end_of_initialization      cinit        00FFA2
intlevel0                  text         000000
intlevel1                  text         000000
intlevel2                  text         000000
intlevel3                  text         000000
stackhi                    (abs)        000FFF
stacklo                    (abs)        000060
start                      init         00FFFC
start_initialization       cinit        00FFA2


FUNCTION INFORMATION:

 *************** function _main *****************
 Defined at:
		line 7 in file "main.c"
 Parameters:    Size  Location     Type
  argc            2    0[COMRAM] int 
  argv            3    2[COMRAM] PTR PTR unsigned char 
 Auto vars:     Size  Location     Type
		None
 Return value:  Size  Location     Type
                  2    0[COMRAM] int 
 Registers used:
		wreg, status,2
 Tracked objects:
		On entry : 
		On exit  : 
		Unchanged: 
 Data sizes:     COMRAM   BANK0   BANK1   BANK2   BANK3   BANK4   BANK5   BANK6   BANK7   BANK8   BANK9  BANK10  BANK11  BANK12  BANK13  BANK14  BANK15
      Params:         5       0       0       0       0       0       0       0       0       0       0       0       0       0       0       0       0
      Locals:         0       0       0       0       0       0       0       0       0       0       0       0       0       0       0       0       0
      Temps:          2       0       0       0       0       0       0       0       0       0       0       0       0       0       0       0       0
      Totals:         7       0       0       0       0       0       0       0       0       0       0       0       0       0       0       0       0
Total ram usage:        7 bytes
 This function calls:
		Nothing
 This function is called by:
		Startup code after reset
 This function uses a non-reentrant model



MODULE INFORMATION

Module		Function		Class		Link	Load	Size
shared
		__initialization		CODE           	FFA2	0000	1

shared estimated size: 1

main.c
		_main          		CODE           	FFA8	0000	85

main.c estimated size: 85

